1.537: [GC 129536K->18902K(493568K), 0.0188580 secs]
2.229: [GC 148438K->33483K(623104K), 0.0311960 secs]
3.849: [GC 292555K->76285K(623104K), 0.0455690 secs]
5.839: [GC 335357K->117379K(882176K), 0.0552330 secs]
5.994: [GC 127638K->118692K(882176K), 0.0238060 secs]
6.017: [Full GC 118692K->102270K(882176K), 0.2679890 secs]
6.286: [GC 102270K->102270K(882176K), 0.0028730 secs]
6.289: [Full GC 102270K->102270K(882176K), 0.1489300 secs]
6.438: [GC 102270K->102270K(882176K), 0.0019680 secs]
6.440: [Full GC 102270K->102270K(882176K), 0.1406720 secs]
6.581: [GC 102270K->102270K(882176K), 0.0019090 secs]
6.583: [Full GC 102270K->102269K(882176K), 0.2714760 secs]
6.855: [GC 102269K->102269K(882176K), 0.0017960 secs]
6.857: [Full GC 102269K->102268K(882176K), 0.2217140 secs]
7.523: [GC 122786K->105650K(882176K), 0.0112420 secs]
7.534: [Full GC 105650K->89064K(882176K), 0.2364810 secs]
7.771: [GC 89064K->89064K(882176K), 0.0018690 secs]
7.773: [Full GC 89064K->89064K(882176K), 0.1442370 secs]
7.918: [GC 89064K->89064K(882176K), 0.0018850 secs]
7.920: [Full GC 89064K->89063K(882176K), 0.2265650 secs]
8.147: [GC 89063K->89063K(882176K), 0.0018060 secs]
8.149: [Full GC 89063K->89063K(882176K), 0.1532970 secs]
8.302: [GC 89063K->89063K(882176K), 0.0017610 secs]
8.304: [Full GC 89063K->89063K(882176K), 0.1475600 secs]
8.531: [GC 99321K->89575K(882176K), 0.0095740 secs]
8.540: [Full GC 89575K->72155K(882176K), 0.1871410 secs]
8.728: [GC 72155K->72155K(882176K), 0.0017440 secs]
8.730: [Full GC 72155K->72155K(882176K), 0.1736590 secs]
8.904: [GC 72155K->72155K(882176K), 0.0022540 secs]
8.906: [Full GC 72155K->72155K(882176K), 0.1563980 secs]
9.063: [GC 72155K->72155K(882176K), 0.0025200 secs]
9.066: [Full GC 72155K->72155K(882176K), 0.1522520 secs]
9.219: [GC 72155K->72155K(882176K), 0.0018490 secs]
9.221: [Full GC 72155K->72155K(882176K), 0.1770910 secs]
9.402: [GC 82414K->72411K(882176K), 0.0024910 secs]
9.404: [Full GC 72411K->72103K(882176K), 0.1586610 secs]
9.564: [GC 72103K->72103K(882176K), 0.0022210 secs]
9.566: [Full GC 72103K->72103K(882176K), 0.1719310 secs]
9.738: [GC 72103K->72103K(882176K), 0.0021010 secs]
9.740: [Full GC 72103K->72103K(882176K), 0.1559720 secs]
9.897: [GC 72103K->72103K(882176K), 0.0017410 secs]
9.899: [Full GC 72103K->72102K(882176K), 0.1698730 secs]
10.069: [GC 72102K->72102K(882176K), 0.0024060 secs]
10.071: [Full GC 72102K->72102K(882176K), 0.1550280 secs]
18.666: [GC 590246K->86056K(882176K), 0.0192250 secs]
21.822: [GC 604200K->101762K(1412096K), 0.0299870 secs]
27.458: [GC 1132418K->128591K(1417728K), 0.0487890 secs]
32.034: [GC 1159247K->161692K(2443776K), 0.0676810 secs]
40.206: [GC 2204060K->237423K(2462720K), 0.1080020 secs]
47.463: [GC 2279791K->325850K(2890240K), 0.1169380 secs]
56.372: [GC 2758874K->435345K(2916352K), 0.1496050 secs]
56.522: [Full GC 435345K->353138K(3206656K), 0.9342030 secs]
58.867: [GC 695100K->414147K(3207168K), 0.0590730 secs]
58.926: [Full GC 414147K->372375K(3207168K), 2.1887510 secs]
61.115: [GC 372375K->372375K(3206656K), 0.0027390 secs]
61.118: [Full GC 372375K->372375K(3206656K), 0.3073710 secs]
61.425: [GC 372375K->372375K(3212800K), 0.0023250 secs]
61.428: [Full GC 372375K->372375K(3212800K), 0.2886180 secs]
61.717: [GC 372375K->372375K(3209728K), 0.0023260 secs]
61.719: [Full GC 372375K->372375K(3209728K), 0.2755530 secs]
61.995: [GC 372375K->372375K(3221504K), 0.0025450 secs]
61.998: [Full GC 372375K->372375K(3221504K), 0.3024500 secs]
