1.554: [GC 129536K->18684K(493568K), 0.0202030 secs]
2.211: [GC 148220K->33683K(623104K), 0.0330570 secs]
3.797: [GC 292755K->76120K(623104K), 0.0494020 secs]
5.773: [GC 335192K->113177K(882176K), 0.0518080 secs]
6.809: [GC 388333K->148357K(882176K), 0.0492090 secs]
6.858: [Full GC 148357K->131653K(882176K), 0.3228670 secs]
7.181: [GC 131653K->131653K(882176K), 0.0030580 secs]
7.184: [Full GC 131653K->131653K(882176K), 0.1565060 secs]
7.341: [GC 131653K->131653K(882176K), 0.0026440 secs]
7.344: [Full GC 131653K->131652K(882176K), 0.3685210 secs]
7.713: [GC 131652K->131652K(882176K), 0.0024560 secs]
7.716: [Full GC 131652K->131652K(882176K), 0.1408530 secs]
7.857: [GC 131652K->131652K(882176K), 0.0027730 secs]
7.860: [Full GC 131652K->131651K(882176K), 0.3660840 secs]
8.693: [GC 152144K->135298K(882176K), 0.0094580 secs]
8.702: [Full GC 135298K->117551K(882176K), 0.2772970 secs]
8.980: [GC 117551K->117551K(882176K), 0.0025130 secs]
8.983: [Full GC 117551K->117551K(882176K), 0.1441000 secs]
9.127: [GC 117551K->117551K(882176K), 0.0027560 secs]
9.130: [Full GC 117551K->117550K(882176K), 0.2577260 secs]
9.388: [GC 117550K->117550K(882176K), 0.0027000 secs]
9.391: [Full GC 117550K->117549K(882176K), 0.2342390 secs]
9.625: [GC 117549K->117549K(882176K), 0.0024670 secs]
9.628: [Full GC 117549K->117549K(882176K), 0.1534330 secs]
9.905: [GC 127796K->118253K(882176K), 0.0039490 secs]
9.909: [Full GC 118253K->96212K(882176K), 0.2087170 secs]
10.118: [GC 96212K->96212K(882176K), 0.0023740 secs]
10.121: [Full GC 96212K->96212K(882176K), 0.1637780 secs]
10.285: [GC 96212K->96212K(882176K), 0.0023930 secs]
10.287: [Full GC 96212K->96212K(882176K), 0.1389410 secs]
10.427: [GC 96212K->96212K(882176K), 0.0025380 secs]
10.429: [Full GC 96212K->96212K(882176K), 0.1630150 secs]
10.593: [GC 96212K->96212K(882176K), 0.0032880 secs]
10.596: [Full GC 96212K->96212K(882176K), 0.1488160 secs]
10.748: [GC 106459K->96436K(882176K), 0.0027530 secs]
10.751: [Full GC 96436K->96182K(882176K), 0.1693980 secs]
10.921: [GC 96182K->96182K(882176K), 0.0383380 secs]
10.959: [Full GC 96182K->96181K(882176K), 0.1485290 secs]
11.108: [GC 96181K->96181K(882176K), 0.0025020 secs]
11.111: [Full GC 96181K->96180K(882176K), 0.1417120 secs]
11.253: [GC 96180K->96180K(882176K), 0.0024120 secs]
11.255: [Full GC 96180K->96179K(882176K), 0.1633960 secs]
11.419: [GC 96179K->96179K(882176K), 0.0024460 secs]
11.422: [Full GC 96179K->96178K(882176K), 0.1804640 secs]
20.534: [GC 614322K->110579K(882176K), 0.0164410 secs]
24.184: [GC 628723K->126355K(1416192K), 0.0276160 secs]
30.254: [GC 1157523K->154768K(1421312K), 0.0472030 secs]
34.492: [GC 1185936K->187250K(2447872K), 0.0657380 secs]
43.128: [GC 2230130K->260422K(2467328K), 0.1046460 secs]
51.765: [GC 2303302K->362131K(2874368K), 0.1311460 secs]
61.311: [GC 2775699K->463222K(2877952K), 0.1629430 secs]
61.474: [Full GC 463222K->378613K(3174912K), 1.0370090 secs]
72.083: [GC 2792181K->536022K(3143168K), 0.1403540 secs]
72.956: [GC 768893K->540470K(3137024K), 0.0707520 secs]
73.027: [Full GC 540470K->474539K(3137024K), 1.8922500 secs]
74.919: [GC 474539K->474539K(3150848K), 0.0040250 secs]
74.924: [Full GC 474539K->474539K(3150848K), 0.3788580 secs]
75.303: [GC 474539K->474539K(3147776K), 0.0042160 secs]
75.307: [Full GC 474539K->474539K(3147776K), 0.3878400 secs]
75.695: [GC 474539K->474539K(3161600K), 0.0040690 secs]
75.700: [Full GC 474539K->474539K(3161600K), 1.0881700 secs]
76.788: [GC 474539K->474539K(3155456K), 0.0030510 secs]
76.791: [Full GC 474539K->474539K(3155456K), 0.3554540 secs]
