1.490: [GC 129536K->18728K(493568K), 0.0201770 secs]
2.162: [GC 148264K->34094K(623104K), 0.0305150 secs]
3.760: [GC 293166K->77631K(623104K), 0.0453460 secs]
6.067: [GC 336703K->113050K(882176K), 0.0492920 secs]
6.971: [GC 347456K->143637K(882176K), 0.0471710 secs]
7.018: [Full GC 143637K->126437K(882176K), 0.3199200 secs]
7.338: [GC 126437K->126437K(882176K), 0.0303070 secs]
7.369: [Full GC 126437K->126437K(882176K), 0.1493800 secs]
7.518: [GC 126437K->126437K(882176K), 0.0021390 secs]
7.521: [Full GC 126437K->126437K(882176K), 0.1319330 secs]
7.653: [GC 126437K->126437K(882176K), 0.0021400 secs]
7.655: [Full GC 126437K->126437K(882176K), 0.1494460 secs]
7.805: [GC 126437K->126437K(882176K), 0.0021600 secs]
7.807: [Full GC 126437K->126436K(882176K), 0.3423910 secs]
9.558: [GC 167182K->130728K(882176K), 0.0113490 secs]
9.570: [Full GC 130728K->113333K(882176K), 0.2818370 secs]
9.852: [GC 113333K->113333K(882176K), 0.0028760 secs]
9.855: [Full GC 113333K->113333K(882176K), 0.1310870 secs]
9.986: [GC 113333K->113333K(882176K), 0.0024400 secs]
9.989: [Full GC 113333K->113333K(882176K), 0.1347180 secs]
10.124: [GC 113333K->113333K(882176K), 0.0024100 secs]
10.127: [Full GC 113333K->113333K(882176K), 0.1502160 secs]
10.277: [GC 113333K->113333K(882176K), 0.0025080 secs]
10.280: [Full GC 113333K->113333K(882176K), 0.1333040 secs]
11.050: [GC 123520K->114005K(882176K), 0.0053360 secs]
11.055: [Full GC 114005K->92543K(882176K), 0.2228220 secs]
11.278: [GC 92543K->92543K(882176K), 0.0021650 secs]
11.281: [Full GC 92543K->92543K(882176K), 0.1679740 secs]
11.449: [GC 92543K->92543K(882176K), 0.0022950 secs]
11.452: [Full GC 92543K->92543K(882176K), 0.1682250 secs]
11.620: [GC 92543K->92543K(882176K), 0.0026280 secs]
11.623: [Full GC 92543K->92543K(882176K), 0.1623060 secs]
11.786: [GC 92543K->92543K(882176K), 0.0022940 secs]
11.788: [Full GC 92543K->92543K(882176K), 0.1591310 secs]
11.951: [GC 102729K->92831K(882176K), 0.0025550 secs]
11.954: [Full GC 92831K->92485K(882176K), 0.1960080 secs]
12.150: [GC 92485K->92485K(882176K), 0.0019940 secs]
12.152: [Full GC 92485K->92485K(882176K), 0.1711700 secs]
12.324: [GC 92485K->92485K(882176K), 0.0021870 secs]
12.326: [Full GC 92485K->92484K(882176K), 0.1652540 secs]
12.493: [GC 92484K->92484K(882176K), 0.0330880 secs]
12.526: [Full GC 92484K->92448K(882176K), 0.1677270 secs]
12.694: [GC 92448K->92448K(882176K), 0.0021280 secs]
12.697: [Full GC 92448K->92448K(882176K), 0.1654230 secs]
21.706: [GC 610592K->109079K(882176K), 0.0157200 secs]
26.764: [GC 627223K->122911K(1416192K), 0.0236340 secs]
33.180: [GC 1154079K->150166K(1421312K), 0.0455090 secs]
37.632: [GC 1181334K->185060K(2446336K), 0.0652140 secs]
45.984: [GC 2226916K->258121K(2466816K), 0.1005830 secs]
55.459: [GC 2299977K->338487K(2890240K), 0.1172870 secs]
65.689: [GC 2767415K->425923K(2881024K), 0.1455130 secs]
65.835: [Full GC 425923K->359416K(3169792K), 0.9339470 secs]
67.427: [GC 554465K->395642K(3215360K), 0.0711600 secs]
67.498: [Full GC 395642K->372892K(3215360K), 2.4210910 secs]
69.920: [GC 372892K->372892K(3206144K), 0.0026100 secs]
69.922: [Full GC 372892K->372892K(3206144K), 0.3170350 secs]
70.240: [GC 372892K->372892K(3221504K), 0.0026610 secs]
70.242: [Full GC 372892K->372892K(3221504K), 0.3159990 secs]
70.559: [GC 372892K->372892K(3217920K), 0.0026900 secs]
70.561: [Full GC 372892K->372892K(3217920K), 0.2934350 secs]
70.855: [GC 372892K->372892K(3231232K), 0.0374030 secs]
70.893: [Full GC 372892K->372892K(3231232K), 0.2791570 secs]
