1.485: [GC 129536K->18727K(493568K), 0.0202140 secs]
2.139: [GC 148263K->34233K(623104K), 0.0339360 secs]
3.707: [GC 293305K->77975K(623104K), 0.0492900 secs]
5.676: [GC 337047K->113074K(882176K), 0.0484050 secs]
6.563: [GC 347563K->142956K(882176K), 0.0440580 secs]
6.608: [Full GC 142956K->125766K(882176K), 0.3159500 secs]
6.924: [GC 125766K->125766K(882176K), 0.0032180 secs]
6.927: [Full GC 125766K->125766K(882176K), 0.1493390 secs]
7.077: [GC 125766K->125766K(882176K), 0.0026140 secs]
7.080: [Full GC 125766K->125766K(882176K), 0.1429040 secs]
7.223: [GC 125766K->125766K(882176K), 0.0025760 secs]
7.225: [Full GC 125766K->125766K(882176K), 0.1444380 secs]
7.370: [GC 125766K->125766K(882176K), 0.0022380 secs]
7.372: [Full GC 125766K->125766K(882176K), 0.1537690 secs]
8.055: [GC 146139K->129521K(882176K), 0.0089470 secs]
8.064: [Full GC 129521K->111275K(882176K), 0.2857590 secs]
8.350: [GC 111275K->111275K(882176K), 0.0029630 secs]
8.353: [Full GC 111275K->111275K(882176K), 0.1433140 secs]
8.497: [GC 111275K->111275K(882176K), 0.0023800 secs]
8.499: [Full GC 111275K->111275K(882176K), 0.1437990 secs]
8.644: [GC 111275K->111275K(882176K), 0.0023180 secs]
8.646: [Full GC 111275K->111275K(882176K), 0.1371570 secs]
8.783: [GC 111275K->111275K(882176K), 0.0023480 secs]
8.786: [Full GC 111275K->111275K(882176K), 0.1409860 secs]
9.052: [GC 121462K->111900K(882176K), 0.0054780 secs]
9.058: [Full GC 111900K->91981K(882176K), 0.2440150 secs]
9.302: [GC 91981K->91981K(882176K), 0.0023380 secs]
9.305: [Full GC 91981K->91981K(882176K), 0.1601330 secs]
9.465: [GC 91981K->91981K(882176K), 0.0023180 secs]
9.467: [Full GC 91981K->91981K(882176K), 0.1729070 secs]
9.641: [GC 91981K->91981K(882176K), 0.0024770 secs]
9.643: [Full GC 91981K->91981K(882176K), 0.1342120 secs]
9.778: [GC 91981K->91981K(882176K), 0.0026620 secs]
9.781: [Full GC 91981K->91981K(882176K), 0.1521890 secs]
9.936: [GC 102168K->92269K(882176K), 0.0033410 secs]
9.939: [Full GC 92269K->91945K(882176K), 0.1583620 secs]
10.098: [GC 91945K->91945K(882176K), 0.0023080 secs]
10.100: [Full GC 91945K->91944K(882176K), 0.1460630 secs]
10.247: [GC 91944K->91944K(882176K), 0.0023470 secs]
10.249: [Full GC 91944K->91943K(882176K), 0.1539600 secs]
10.403: [GC 91943K->91943K(882176K), 0.0022560 secs]
10.406: [Full GC 91943K->91942K(882176K), 0.1497120 secs]
10.556: [GC 91942K->91942K(882176K), 0.0023320 secs]
10.558: [Full GC 91942K->91942K(882176K), 0.1624000 secs]
19.911: [GC 610086K->107900K(882176K), 0.0195270 secs]
24.523: [GC 626044K->122418K(1415168K), 0.0264990 secs]
29.825: [GC 1153074K->151138K(1420800K), 0.0508500 secs]
34.383: [GC 1181794K->188857K(2444800K), 0.0656680 secs]
43.209: [GC 2228665K->264584K(2466304K), 0.0986170 secs]
51.619: [GC 2304392K->346857K(2886144K), 0.1283470 secs]
61.505: [GC 2681519K->442725K(2883072K), 0.1491700 secs]
61.654: [Full GC 442725K->370837K(2883072K), 0.9496000 secs]
62.604: [Full GC 370837K->370837K(2883072K), 0.2991560 secs]
62.904: [Full GC 370837K->370837K(2883072K), 0.3219250 secs]
63.226: [Full GC 370837K->370837K(2883072K), 0.2839050 secs]
63.511: [Full GC 370837K->370837K(2883072K), 0.2910870 secs]
