1.463: [GC 129536K->18549K(493568K), 0.0217060 secs]
2.116: [GC 148085K->33309K(623104K), 0.0331220 secs]
3.700: [GC 292381K->75018K(623104K), 0.0486530 secs]
5.704: [GC 334090K->113171K(882176K), 0.0507840 secs]
5.978: [GC 154219K->119776K(882176K), 0.0243960 secs]
6.003: [Full GC 119776K->102992K(882176K), 0.2612950 secs]
6.264: [GC 102992K->102992K(882176K), 0.0024030 secs]
6.267: [Full GC 102992K->102992K(882176K), 0.1357510 secs]
6.403: [GC 102992K->102992K(882176K), 0.0017160 secs]
6.405: [Full GC 102992K->102992K(882176K), 0.1422910 secs]
6.547: [GC 102992K->102992K(882176K), 0.0019140 secs]
6.549: [Full GC 102992K->102992K(882176K), 0.1393200 secs]
6.689: [GC 102992K->102992K(882176K), 0.0017740 secs]
6.691: [Full GC 102992K->102992K(882176K), 0.2898870 secs]
7.431: [GC 123509K->106350K(882176K), 0.0078860 secs]
7.439: [Full GC 106350K->89844K(882176K), 0.2378730 secs]
7.677: [GC 89844K->89844K(882176K), 0.0018350 secs]
7.679: [Full GC 89844K->89844K(882176K), 0.1417760 secs]
7.821: [GC 89844K->89844K(882176K), 0.0018110 secs]
7.823: [Full GC 89844K->89844K(882176K), 0.1452950 secs]
7.968: [GC 89844K->89844K(882176K), 0.0017680 secs]
7.970: [Full GC 89844K->89844K(882176K), 0.1449920 secs]
8.116: [GC 89844K->89844K(882176K), 0.0018090 secs]
8.117: [Full GC 89844K->89844K(882176K), 0.1375030 secs]
8.334: [GC 100103K->90324K(882176K), 0.0034140 secs]
8.338: [Full GC 90324K->72353K(882176K), 0.1869490 secs]
8.525: [GC 72353K->72353K(882176K), 0.0019680 secs]
8.527: [Full GC 72353K->72353K(882176K), 0.1719290 secs]
8.700: [GC 72353K->72353K(882176K), 0.0023880 secs]
8.702: [Full GC 72353K->72353K(882176K), 0.1771170 secs]
8.880: [GC 72353K->72353K(882176K), 0.0024100 secs]
8.882: [Full GC 72353K->72353K(882176K), 0.1695430 secs]
9.052: [GC 72353K->72353K(882176K), 0.0025180 secs]
9.055: [Full GC 72353K->72353K(882176K), 0.1531650 secs]
9.212: [GC 82612K->72641K(882176K), 0.0021840 secs]
9.214: [Full GC 72641K->72304K(882176K), 0.1511030 secs]
9.366: [GC 72304K->72304K(882176K), 0.0017380 secs]
9.368: [Full GC 72304K->72304K(882176K), 0.1669700 secs]
9.535: [GC 72304K->72304K(882176K), 0.0018800 secs]
9.537: [Full GC 72304K->72304K(882176K), 0.1683600 secs]
9.706: [GC 72304K->72304K(882176K), 0.0018100 secs]
9.708: [Full GC 72304K->72304K(882176K), 0.1607080 secs]
9.869: [GC 72304K->72304K(882176K), 0.0018240 secs]
9.871: [Full GC 72304K->72304K(882176K), 0.1779140 secs]
18.858: [GC 590448K->86782K(882176K), 0.0190590 secs]
22.332: [GC 604926K->101901K(1412608K), 0.0301990 secs]
28.365: [GC 1133069K->125408K(1417728K), 0.0425460 secs]
32.584: [GC 1156576K->158057K(2443264K), 0.0590740 secs]
40.397: [GC 2201449K->227361K(2462208K), 0.0963350 secs]
47.625: [GC 2270753K->322753K(2889216K), 0.1190520 secs]
55.811: [GC 2758849K->448004K(2931200K), 0.1587050 secs]
55.970: [Full GC 448004K->364978K(3219456K), 0.9017010 secs]
65.559: [GC 2712690K->593907K(3045376K), 0.1112020 secs]
65.670: [Full GC 593907K->452704K(3045376K), 1.9000640 secs]
67.570: [GC 452704K->452704K(3132416K), 0.0026440 secs]
67.573: [Full GC 452704K->452704K(3132416K), 0.3397700 secs]
67.913: [GC 452704K->452704K(3142656K), 0.0025840 secs]
67.916: [Full GC 452704K->452704K(3142656K), 0.3489310 secs]
68.265: [GC 452704K->452704K(3137024K), 0.0024840 secs]
68.268: [Full GC 452704K->452704K(3137024K), 0.4149130 secs]
68.683: [GC 452704K->452704K(3157504K), 0.0037730 secs]
68.687: [Full GC 452704K->452700K(3157504K), 0.4281790 secs]
