1.192: [GC 59815K->16571K(493568K), 0.0176600 secs]
1.210: [Full GC 16571K->16027K(493568K), 0.0632070 secs]
1.274: [GC 16027K->16027K(493568K), 0.0014460 secs]
1.275: [Full GC 16027K->16027K(493568K), 0.0353170 secs]
1.311: [GC 16027K->16027K(493568K), 0.0010980 secs]
1.312: [Full GC 16027K->16027K(493568K), 0.0366980 secs]
1.349: [GC 16027K->16027K(493568K), 0.0010830 secs]
1.350: [Full GC 16027K->16027K(493568K), 0.0459780 secs]
1.397: [GC 16027K->16027K(493568K), 0.0008940 secs]
1.398: [Full GC 16027K->16027K(493568K), 0.0348640 secs]
2.275: [GC 36757K->19107K(493568K), 0.0096520 secs]
2.285: [Full GC 19107K->14647K(493568K), 0.0997460 secs]
2.385: [GC 14647K->14647K(493568K), 0.0010830 secs]
2.386: [Full GC 14647K->14647K(493568K), 0.0399100 secs]
2.426: [GC 14647K->14647K(493568K), 0.0010620 secs]
2.427: [Full GC 14647K->14647K(493568K), 0.0414010 secs]
2.469: [GC 14647K->14647K(493568K), 0.0012430 secs]
2.470: [Full GC 14647K->14647K(493568K), 0.0491180 secs]
2.520: [GC 14647K->14647K(493568K), 0.0013860 secs]
2.522: [Full GC 14647K->14647K(493568K), 0.0474010 secs]
2.594: [GC 17237K->14999K(493568K), 0.0015770 secs]
2.595: [Full GC 14999K->12382K(493568K), 0.0978320 secs]
2.693: [GC 12382K->12382K(493568K), 0.0009100 secs]
2.694: [Full GC 12382K->12382K(493568K), 0.0465370 secs]
2.741: [GC 12382K->12382K(493568K), 0.0011390 secs]
2.742: [Full GC 12382K->12382K(493568K), 0.0495910 secs]
2.792: [GC 12382K->12382K(493568K), 0.0010060 secs]
2.793: [Full GC 12382K->12382K(493568K), 0.0493220 secs]
2.843: [GC 12382K->12382K(493568K), 0.0011520 secs]
2.844: [Full GC 12382K->12382K(493568K), 0.0532970 secs]
2.902: [GC 14972K->12574K(493568K), 0.0015160 secs]
2.904: [Full GC 12574K->12340K(493568K), 0.0493220 secs]
2.953: [GC 12340K->12340K(493568K), 0.0013430 secs]
2.955: [Full GC 12340K->12340K(493568K), 0.0472250 secs]
3.002: [GC 12340K->12340K(493568K), 0.0019040 secs]
3.004: [Full GC 12340K->12339K(493568K), 0.0474540 secs]
3.052: [GC 12339K->12339K(493568K), 0.0014050 secs]
3.054: [Full GC 12339K->12339K(493568K), 0.0525330 secs]
3.107: [GC 12339K->12339K(493568K), 0.0008890 secs]
3.108: [Full GC 12339K->12338K(493568K), 0.0546510 secs]
4.848: [GC 56382K->13746K(493568K), 0.0039800 secs]
4.852: [Full GC 13746K->13446K(493568K), 0.1149250 secs]
4.968: [GC 13446K->13446K(493568K), 0.0014640 secs]
4.969: [Full GC 13446K->13446K(493568K), 0.0406340 secs]
5.010: [GC 13446K->13446K(493568K), 0.0010850 secs]
5.011: [Full GC 13446K->13446K(493568K), 0.0549060 secs]
5.067: [GC 13446K->13446K(493568K), 0.0019000 secs]
5.069: [Full GC 13446K->13446K(493568K), 0.0505960 secs]
5.120: [GC 13446K->13446K(493568K), 0.0015930 secs]
5.122: [Full GC 13446K->13446K(493568K), 0.0493750 secs]
