1.459: [GC 129536K->18743K(493568K), 0.0195930 secs]
2.160: [GC 148279K->33503K(623104K), 0.0374900 secs]
3.467: [GC 292575K->69762K(623104K), 0.0453970 secs]
5.813: [GC 328834K->114248K(882176K), 0.0522000 secs]
8.007: [GC 632392K->173593K(882176K), 0.0717130 secs]
8.298: [GC 214628K->179235K(1475072K), 0.0286870 secs]
8.327: [Full GC 179235K->163455K(1475072K), 0.3723380 secs]
8.700: [GC 163455K->163455K(1476608K), 0.0272170 secs]
8.727: [Full GC 163455K->163455K(1476608K), 0.1432200 secs]
8.870: [GC 163455K->163455K(1478656K), 0.0030860 secs]
8.874: [Full GC 163455K->163455K(1478656K), 0.1504300 secs]
9.025: [GC 163455K->163455K(1479680K), 0.0031490 secs]
9.028: [Full GC 163455K->163454K(1479680K), 0.3709880 secs]
9.399: [GC 163454K->163454K(1477120K), 0.0030470 secs]
9.402: [Full GC 163454K->163454K(1477120K), 0.1397280 secs]
10.001: [GC 183972K->167381K(1383424K), 0.0160830 secs]
10.018: [Full GC 167381K->142995K(1383424K), 0.2790170 secs]
10.297: [GC 142995K->142995K(1470464K), 0.0031920 secs]
10.300: [Full GC 142995K->142995K(1470464K), 0.1806690 secs]
10.481: [GC 142995K->142995K(1379840K), 0.0048930 secs]
10.486: [Full GC 142995K->142995K(1379840K), 0.1810970 secs]
10.668: [GC 142995K->142995K(1463808K), 0.0049320 secs]
10.673: [Full GC 142995K->142995K(1463808K), 0.1906790 secs]
10.864: [GC 142995K->142995K(1379840K), 0.0047720 secs]
10.869: [Full GC 142995K->142995K(1379840K), 0.1505290 secs]
11.146: [GC 163512K->143795K(1455104K), 0.0066230 secs]
11.153: [Full GC 143795K->116613K(1455104K), 0.2169850 secs]
11.370: [GC 116613K->116613K(1379840K), 0.0032460 secs]
11.373: [Full GC 116613K->116613K(1379840K), 0.1787220 secs]
11.552: [GC 116613K->116613K(1447424K), 0.0035150 secs]
11.556: [Full GC 116613K->116613K(1447424K), 0.1836170 secs]
11.740: [GC 116613K->116613K(1379840K), 0.0029780 secs]
11.743: [Full GC 116613K->116613K(1379840K), 0.1614960 secs]
11.905: [GC 116613K->116613K(1439744K), 0.0031980 secs]
11.909: [Full GC 116613K->116613K(1439744K), 0.1566330 secs]
12.068: [GC 137131K->116965K(1379840K), 0.0039220 secs]
12.072: [Full GC 116965K->116585K(1379840K), 0.1990550 secs]
12.271: [GC 116585K->116585K(1433088K), 0.0044460 secs]
12.276: [Full GC 116585K->116585K(1433088K), 0.1559610 secs]
12.432: [GC 116585K->116585K(1379840K), 0.0044670 secs]
12.437: [Full GC 116585K->116584K(1379840K), 0.1581660 secs]
12.595: [GC 116584K->116584K(1426944K), 0.0044910 secs]
12.600: [Full GC 116584K->116583K(1426944K), 0.1565140 secs]
12.757: [GC 116583K->116583K(1379840K), 0.0033620 secs]
12.760: [Full GC 116583K->116582K(1379840K), 0.1523770 secs]
25.975: [GC 1152870K->145950K(1421824K), 0.0298390 secs]
33.907: [GC 1177630K->168578K(1426432K), 0.0466260 secs]
38.697: [GC 1200258K->201307K(2455040K), 0.0464010 secs]
47.799: [GC 2260059K->266191K(2459648K), 0.0813860 secs]
57.990: [GC 2324943K->338815K(2971136K), 0.0942170 secs]
70.442: [GC 2881407K->424682K(2982400K), 0.1106680 secs]
70.553: [Full GC 424682K->366849K(3278848K), 1.1565810 secs]
81.482: [GC 2909441K->433919K(3243008K), 0.1191390 secs]
92.679: [GC 2932479K->578541K(3260928K), 0.1376690 secs]
103.052: [GC 3077101K->803285K(2999296K), 0.1644330 secs]
103.217: [Full GC 803285K->606014K(3438080K), 0.9686470 secs]
112.543: [GC 2801470K->921454K(3589632K), 0.0793720 secs]
121.523: [GC 2816892K->1059355K(3455488K), 0.1246840 secs]
121.647: [Full GC 1059355K->775810K(3455488K), 1.5429130 secs]
123.191: [GC 775810K->775810K(3522560K), 0.0047670 secs]
123.196: [Full GC 775810K->775810K(3522560K), 0.5027680 secs]
123.699: [GC 775810K->775810K(3532288K), 0.0035590 secs]
123.702: [Full GC 775810K->775810K(3532288K), 0.5069510 secs]
124.210: [GC 775810K->775810K(3526144K), 0.0036980 secs]
124.214: [Full GC 775810K->775810K(3526144K), 0.5075710 secs]
124.722: [GC 775810K->775810K(3550720K), 0.0396240 secs]
124.761: [Full GC 775810K->775810K(3550720K), 0.5128730 secs]
