1.538: [GC 129536K->18807K(493568K), 0.0241420 secs]
2.197: [GC 148343K->33818K(623104K), 0.0349890 secs]
3.835: [GC 292890K->76369K(623104K), 0.0571320 secs]
5.747: [GC 335441K->112774K(882176K), 0.0502990 secs]
6.805: [GC 387848K->147116K(882176K), 0.0514930 secs]
6.857: [Full GC 147116K->129120K(882176K), 0.3219360 secs]
7.179: [GC 129120K->129120K(882176K), 0.0034890 secs]
7.182: [Full GC 129120K->129120K(882176K), 0.1483030 secs]
7.331: [GC 129120K->129120K(882176K), 0.0023850 secs]
7.333: [Full GC 129120K->129120K(882176K), 0.1349050 secs]
7.469: [GC 129120K->129120K(882176K), 0.0023450 secs]
7.471: [Full GC 129120K->129120K(882176K), 0.1402290 secs]
7.612: [GC 129120K->129120K(882176K), 0.0023690 secs]
7.614: [Full GC 129120K->129120K(882176K), 0.1499390 secs]
8.346: [GC 149620K->133049K(882176K), 0.0068880 secs]
8.352: [Full GC 133049K->113158K(882176K), 0.2473070 secs]
8.600: [GC 113158K->113158K(882176K), 0.0026050 secs]
8.603: [Full GC 113158K->113158K(882176K), 0.1321250 secs]
8.735: [GC 113158K->113158K(882176K), 0.0023220 secs]
8.738: [Full GC 113158K->113158K(882176K), 0.1263690 secs]
8.865: [GC 113158K->113158K(882176K), 0.0028210 secs]
8.867: [Full GC 113158K->113158K(882176K), 0.1391410 secs]
9.007: [GC 113158K->113158K(882176K), 0.0023430 secs]
9.009: [Full GC 113158K->113158K(882176K), 0.1394320 secs]
9.256: [GC 123406K->113798K(882176K), 0.0052250 secs]
9.262: [Full GC 113798K->94518K(882176K), 0.2329210 secs]
9.495: [GC 94518K->94518K(882176K), 0.0026160 secs]
9.498: [Full GC 94518K->94518K(882176K), 0.1648030 secs]
9.663: [GC 94518K->94518K(882176K), 0.0025500 secs]
9.665: [Full GC 94518K->94518K(882176K), 0.1642520 secs]
9.830: [GC 94518K->94518K(882176K), 0.0031020 secs]
9.833: [Full GC 94518K->94518K(882176K), 0.1750990 secs]
10.009: [GC 94518K->94518K(882176K), 0.0023560 secs]
10.011: [Full GC 94518K->94518K(882176K), 0.1644290 secs]
10.178: [GC 104766K->94870K(882176K), 0.0027290 secs]
10.181: [Full GC 94870K->94480K(882176K), 0.1456370 secs]
10.327: [GC 94480K->94480K(882176K), 0.0029990 secs]
10.330: [Full GC 94480K->94479K(882176K), 0.1645280 secs]
10.495: [GC 94479K->94479K(882176K), 0.0024130 secs]
10.498: [Full GC 94479K->94478K(882176K), 0.1429670 secs]
10.641: [GC 94478K->94478K(882176K), 0.0026910 secs]
10.644: [Full GC 94478K->94477K(882176K), 0.1548530 secs]
10.799: [GC 94477K->94477K(882176K), 0.0722680 secs]
10.872: [Full GC 94477K->94476K(882176K), 0.1452970 secs]
21.418: [GC 612620K->110641K(882176K), 0.0174760 secs]
26.102: [GC 628785K->125473K(1416192K), 0.0288020 secs]
33.205: [GC 1156129K->153412K(1421824K), 0.0523430 secs]
38.168: [GC 1184068K->189442K(2445824K), 0.0681770 secs]
47.605: [GC 2229762K->267695K(2466816K), 0.1069300 secs]
56.909: [GC 2308015K->347763K(2886656K), 0.1305900 secs]
66.505: [GC 2769523K->452256K(2894336K), 0.1591180 secs]
66.665: [Full GC 452256K->382243K(3179520K), 0.9798230 secs]
73.857: [GC 1839336K->469010K(3188224K), 0.1035720 secs]
73.961: [Full GC 469010K->424069K(3188224K), 3.0045660 secs]
76.966: [GC 424069K->424069K(3190272K), 0.0036130 secs]
76.970: [Full GC 424069K->424069K(3190272K), 0.3351460 secs]
77.305: [GC 424069K->424069K(3196416K), 0.0029710 secs]
77.308: [Full GC 424069K->424069K(3196416K), 0.3686640 secs]
77.677: [GC 424069K->424069K(3192832K), 0.0029380 secs]
77.680: [Full GC 424069K->424069K(3192832K), 0.3595670 secs]
78.040: [GC 424069K->424069K(3207168K), 0.0039170 secs]
78.044: [Full GC 424069K->424069K(3207168K), 0.3658590 secs]
