1.308: [GC 64846K->17025K(493568K), 0.0157130 secs]
1.335: [Full GC 17025K->16432K(493568K), 0.0638740 secs]
1.399: [GC 16432K->16432K(493568K), 0.0009740 secs]
1.400: [Full GC 16432K->16432K(493568K), 0.0335610 secs]
1.434: [GC 16432K->16432K(493568K), 0.0017780 secs]
1.436: [Full GC 16432K->16432K(493568K), 0.0373990 secs]
1.473: [GC 16432K->16432K(493568K), 0.0018220 secs]
1.475: [Full GC 16432K->16432K(493568K), 0.0398380 secs]
1.515: [GC 16432K->16432K(493568K), 0.0017170 secs]
1.517: [Full GC 16432K->16432K(493568K), 0.0361640 secs]
2.420: [GC 37264K->19586K(493568K), 0.0104740 secs]
2.431: [Full GC 19586K->15075K(493568K), 0.1162250 secs]
2.548: [GC 15075K->15075K(493568K), 0.0011410 secs]
2.549: [Full GC 15075K->15075K(493568K), 0.0406790 secs]
2.590: [GC 15075K->15075K(493568K), 0.0019750 secs]
2.592: [Full GC 15075K->15075K(493568K), 0.0397440 secs]
2.632: [GC 15075K->15075K(493568K), 0.0015280 secs]
2.634: [Full GC 15075K->15075K(493568K), 0.0459740 secs]
2.680: [GC 15075K->15075K(493568K), 0.0025630 secs]
2.683: [Full GC 15075K->15075K(493568K), 0.0436900 secs]
2.761: [GC 17509K->15363K(493568K), 0.0015980 secs]
2.762: [Full GC 15363K->12706K(493568K), 0.1184080 secs]
2.881: [GC 12706K->12706K(493568K), 0.0010420 secs]
2.882: [Full GC 12706K->12706K(493568K), 0.0444240 secs]
2.927: [GC 12706K->12706K(493568K), 0.0035380 secs]
2.931: [Full GC 12706K->12706K(493568K), 0.0487770 secs]
2.980: [GC 12706K->12706K(493568K), 0.0008470 secs]
2.981: [Full GC 12706K->12706K(493568K), 0.0420080 secs]
3.023: [GC 12706K->12706K(493568K), 0.0013460 secs]
3.024: [Full GC 12706K->12706K(493568K), 0.0488050 secs]
3.076: [GC 15140K->12866K(493568K), 0.0015130 secs]
3.078: [Full GC 12866K->12658K(493568K), 0.0794250 secs]
3.157: [GC 12658K->12658K(493568K), 0.0011640 secs]
3.159: [Full GC 12658K->12658K(493568K), 0.0493740 secs]
3.208: [GC 12658K->12658K(493568K), 0.0009460 secs]
3.209: [Full GC 12658K->12657K(493568K), 0.0425440 secs]
3.252: [GC 12657K->12657K(493568K), 0.0010510 secs]
3.253: [Full GC 12657K->12656K(493568K), 0.0471740 secs]
3.301: [GC 12656K->12656K(493568K), 0.0009700 secs]
3.302: [Full GC 12656K->12656K(493568K), 0.0469810 secs]
7.297: [GC 142192K->16368K(493568K), 0.0056030 secs]
8.408: [GC 76010K->17808K(493568K), 0.0065600 secs]
8.415: [Full GC 17808K->16741K(493568K), 0.1107580 secs]
8.526: [GC 16741K->16741K(493568K), 0.0016660 secs]
8.528: [Full GC 16741K->16741K(493568K), 0.0514320 secs]
8.580: [GC 16741K->16741K(493568K), 0.0010380 secs]
8.581: [Full GC 16741K->16741K(493568K), 0.0536320 secs]
8.635: [GC 16741K->16741K(493568K), 0.0010170 secs]
8.636: [Full GC 16741K->16741K(493568K), 0.0495380 secs]
8.686: [GC 16741K->16741K(493568K), 0.0019910 secs]
8.688: [Full GC 16741K->16741K(493568K), 0.0596350 secs]
