1.215: [GC 59822K->16649K(493568K), 0.0175610 secs]
1.232: [Full GC 16649K->16039K(493568K), 0.0699400 secs]
1.303: [GC 16039K->16039K(493568K), 0.0014730 secs]
1.304: [Full GC 16039K->16039K(493568K), 0.0440660 secs]
1.349: [GC 16039K->16039K(493568K), 0.0016590 secs]
1.350: [Full GC 16039K->16039K(493568K), 0.0377680 secs]
1.389: [GC 16039K->16039K(493568K), 0.0019640 secs]
1.391: [Full GC 16039K->16039K(493568K), 0.0395510 secs]
1.431: [GC 16039K->16039K(493568K), 0.0015590 secs]
1.432: [Full GC 16039K->16039K(493568K), 0.0385620 secs]
2.327: [GC 36769K->19050K(493568K), 0.0102850 secs]
2.338: [Full GC 19050K->14660K(493568K), 0.1131950 secs]
2.452: [GC 14660K->14660K(493568K), 0.0009890 secs]
2.453: [Full GC 14660K->14660K(493568K), 0.0389110 secs]
2.492: [GC 14660K->14660K(493568K), 0.0010460 secs]
2.493: [Full GC 14660K->14660K(493568K), 0.0452010 secs]
2.539: [GC 14660K->14660K(493568K), 0.0018240 secs]
2.541: [Full GC 14660K->14660K(493568K), 0.0448190 secs]
2.586: [GC 14660K->14660K(493568K), 0.0008870 secs]
2.587: [Full GC 14660K->14660K(493568K), 0.0461770 secs]
2.663: [GC 17251K->14980K(493568K), 0.0011290 secs]
2.664: [Full GC 14980K->12413K(493568K), 0.0997860 secs]
2.764: [GC 12413K->12413K(493568K), 0.0015760 secs]
2.766: [Full GC 12413K->12413K(493568K), 0.0510010 secs]
2.817: [GC 12413K->12413K(493568K), 0.0012590 secs]
2.819: [Full GC 12413K->12413K(493568K), 0.0422040 secs]
2.861: [GC 12413K->12413K(493568K), 0.0021310 secs]
2.863: [Full GC 12413K->12413K(493568K), 0.0507080 secs]
2.914: [GC 12413K->12413K(493568K), 0.0009250 secs]
2.915: [Full GC 12413K->12413K(493568K), 0.0442640 secs]
2.962: [GC 15004K->12701K(493568K), 0.0010670 secs]
2.964: [Full GC 12701K->12369K(493568K), 0.0477670 secs]
3.012: [GC 12369K->12369K(493568K), 0.0011890 secs]
3.013: [Full GC 12369K->12368K(493568K), 0.0544770 secs]
3.068: [GC 12368K->12368K(493568K), 0.0013660 secs]
3.069: [Full GC 12368K->12368K(493568K), 0.0479730 secs]
3.118: [GC 12368K->12368K(493568K), 0.0008200 secs]
3.118: [Full GC 12368K->12368K(493568K), 0.0484450 secs]
3.167: [GC 12368K->12368K(493568K), 0.0013070 secs]
3.169: [Full GC 12368K->12367K(493568K), 0.0526400 secs]
5.395: [GC 66774K->14479K(493568K), 0.0073170 secs]
5.402: [Full GC 14479K->14003K(493568K), 0.1139580 secs]
5.516: [GC 14003K->14003K(493568K), 0.0016860 secs]
5.518: [Full GC 14003K->14003K(493568K), 0.0451920 secs]
5.564: [GC 14003K->14003K(493568K), 0.0013540 secs]
5.565: [Full GC 14003K->14003K(493568K), 0.0494640 secs]
5.615: [GC 14003K->14003K(493568K), 0.0020310 secs]
5.617: [Full GC 14003K->14003K(493568K), 0.0440970 secs]
5.661: [GC 14003K->14003K(493568K), 0.0016950 secs]
5.663: [Full GC 14003K->14003K(493568K), 0.0545090 secs]
