2.545: [GC 129536K->24568K(493568K), 0.0314200 secs]
3.040: [GC 64141K->28685K(623104K), 0.0202850 secs]
3.061: [Full GC 28685K->24736K(623104K), 0.0840680 secs]
3.145: [GC 24736K->24736K(623104K), 0.0012180 secs]
3.146: [Full GC 24736K->24736K(623104K), 0.0481110 secs]
3.195: [GC 24736K->24736K(623104K), 0.0011510 secs]
3.196: [Full GC 24736K->24736K(623104K), 0.0448180 secs]
3.241: [GC 24736K->24736K(623104K), 0.0011910 secs]
3.242: [Full GC 24736K->24736K(623104K), 0.0454870 secs]
3.288: [GC 24736K->24736K(623104K), 0.0017500 secs]
3.290: [Full GC 24736K->24736K(623104K), 0.0487970 secs]
5.227: [GC 81526K->28692K(623104K), 0.0104680 secs]
5.238: [Full GC 28692K->25548K(623104K), 0.0993120 secs]
5.338: [GC 25548K->25548K(623104K), 0.0012250 secs]
5.339: [Full GC 25548K->25548K(623104K), 0.0471190 secs]
5.387: [GC 25548K->25548K(623104K), 0.0023720 secs]
5.389: [Full GC 25548K->25548K(623104K), 0.0496200 secs]
5.439: [GC 25548K->25548K(623104K), 0.0015530 secs]
5.441: [Full GC 25548K->25548K(623104K), 0.0448240 secs]
5.486: [GC 25548K->25548K(623104K), 0.0011620 secs]
5.487: [Full GC 25548K->25548K(623104K), 0.0481390 secs]
6.712: [GC 38295K->25900K(623104K), 0.0028690 secs]
6.715: [Full GC 25900K->22562K(623104K), 0.1104710 secs]
6.825: [GC 22562K->22562K(623104K), 0.0010830 secs]
6.827: [Full GC 22562K->22562K(623104K), 0.0380410 secs]
6.865: [GC 22562K->22562K(623104K), 0.0011840 secs]
6.866: [Full GC 22562K->22562K(623104K), 0.0491650 secs]
6.916: [GC 22562K->22562K(623104K), 0.0014750 secs]
6.917: [Full GC 22562K->22562K(623104K), 0.0545310 secs]
6.972: [GC 22562K->22562K(623104K), 0.0022440 secs]
6.975: [Full GC 22562K->22562K(623104K), 0.0544720 secs]
7.038: [GC 27484K->22946K(623104K), 0.0028820 secs]
7.041: [Full GC 22946K->22399K(623104K), 0.1233030 secs]
7.165: [GC 22399K->22399K(623104K), 0.0017980 secs]
7.167: [Full GC 22399K->22398K(623104K), 0.0549370 secs]
7.222: [GC 22398K->22398K(623104K), 0.0011800 secs]
7.223: [Full GC 22398K->22398K(623104K), 0.0548280 secs]
7.279: [GC 22398K->22398K(623104K), 0.0012310 secs]
7.280: [Full GC 22398K->22398K(623104K), 0.0469540 secs]
7.327: [GC 22398K->22398K(623104K), 0.0011280 secs]
7.328: [Full GC 22398K->22397K(623104K), 0.0469240 secs]
12.187: [GC 281469K->32254K(623104K), 0.0103490 secs]
14.809: [GC 291326K->39353K(623104K), 0.0150400 secs]
16.733: [GC 298425K->45713K(623104K), 0.0164270 secs]
18.252: [GC 304785K->52444K(614912K), 0.0212250 secs]
19.484: [GC 303324K->60428K(620544K), 0.0231440 secs]
20.362: [GC 306188K->68556K(625664K), 0.0263780 secs]
20.932: [GC 226529K->73970K(873984K), 0.0285570 secs]
20.960: [Full GC 73970K->62253K(873984K), 0.2639560 secs]
21.225: [GC 62253K->62253K(877056K), 0.0013830 secs]
21.226: [Full GC 62253K->62253K(877056K), 0.0888850 secs]
21.315: [GC 62253K->62253K(877056K), 0.0014400 secs]
21.317: [Full GC 62253K->62253K(877056K), 0.0942620 secs]
21.412: [GC 62253K->62253K(835072K), 0.0013410 secs]
21.413: [Full GC 62253K->62253K(835072K), 0.0928710 secs]
21.506: [GC 62253K->62253K(873984K), 0.0012260 secs]
21.507: [Full GC 62253K->62253K(873984K), 0.0946770 secs]
