1.278: [GC 62229K->16873K(493568K), 0.0247370 secs]
1.303: [Full GC 16873K->16342K(493568K), 0.0641620 secs]
1.368: [GC 16342K->16342K(493568K), 0.0008820 secs]
1.369: [Full GC 16342K->16342K(493568K), 0.0316210 secs]
1.401: [GC 16342K->16342K(493568K), 0.0011570 secs]
1.402: [Full GC 16342K->16342K(493568K), 0.0397380 secs]
1.442: [GC 16342K->16342K(493568K), 0.0009760 secs]
1.443: [Full GC 16342K->16342K(493568K), 0.0387510 secs]
1.482: [GC 16342K->16342K(493568K), 0.0008390 secs]
1.483: [Full GC 16342K->16342K(493568K), 0.0373570 secs]
2.637: [GC 42251K->19600K(493568K), 0.0068960 secs]
2.644: [Full GC 19600K->15036K(493568K), 0.1013340 secs]
2.746: [GC 15036K->15036K(493568K), 0.0009610 secs]
2.747: [Full GC 15036K->15036K(493568K), 0.0413680 secs]
2.789: [GC 15036K->15036K(493568K), 0.0011490 secs]
2.790: [Full GC 15036K->15036K(493568K), 0.0426740 secs]
2.834: [GC 15036K->15036K(493568K), 0.0012250 secs]
2.835: [Full GC 15036K->15036K(493568K), 0.0473720 secs]
2.883: [GC 15036K->15036K(493568K), 0.0011880 secs]
2.884: [Full GC 15036K->15036K(493568K), 0.0864410 secs]
3.026: [GC 17627K->15260K(493568K), 0.0017300 secs]
3.028: [Full GC 15260K->12732K(493568K), 0.1081530 secs]
3.136: [GC 12732K->12732K(493568K), 0.0016280 secs]
3.138: [Full GC 12732K->12732K(493568K), 0.0551840 secs]
3.194: [GC 12732K->12732K(493568K), 0.0013290 secs]
3.195: [Full GC 12732K->12732K(493568K), 0.0500600 secs]
3.245: [GC 12732K->12732K(493568K), 0.0014890 secs]
3.247: [Full GC 12732K->12732K(493568K), 0.0522820 secs]
3.300: [GC 12732K->12732K(493568K), 0.0014100 secs]
3.301: [Full GC 12732K->12732K(493568K), 0.0564330 secs]
3.361: [GC 15322K->13148K(493568K), 0.0014250 secs]
3.363: [Full GC 13148K->12642K(493568K), 0.0921010 secs]
3.455: [GC 12642K->12642K(493568K), 0.0010670 secs]
3.457: [Full GC 12642K->12642K(493568K), 0.0482360 secs]
3.505: [GC 12642K->12642K(493568K), 0.0010440 secs]
3.506: [Full GC 12642K->12641K(493568K), 0.0472500 secs]
3.554: [GC 12641K->12641K(493568K), 0.0014570 secs]
3.555: [Full GC 12641K->12641K(493568K), 0.0545340 secs]
3.610: [GC 12641K->12641K(493568K), 0.0009600 secs]
3.611: [Full GC 12641K->12640K(493568K), 0.0478510 secs]
4.693: [GC 38548K->13984K(493568K), 0.0028670 secs]
4.696: [Full GC 13984K->13605K(493568K), 0.1072230 secs]
4.804: [GC 13605K->13605K(493568K), 0.0012290 secs]
4.805: [Full GC 13605K->13605K(493568K), 0.0434120 secs]
4.849: [GC 13605K->13605K(493568K), 0.0013730 secs]
4.850: [Full GC 13605K->13605K(493568K), 0.0530020 secs]
4.904: [GC 13605K->13605K(493568K), 0.0012180 secs]
4.905: [Full GC 13605K->13605K(493568K), 0.0501530 secs]
4.956: [GC 13605K->13605K(493568K), 0.0014990 secs]
4.957: [Full GC 13605K->13605K(493568K), 0.0504700 secs]
