1.932: [GC 111446K->20992K(493568K), 0.0197910 secs]
1.951: [Full GC 20992K->20294K(493568K), 0.0769560 secs]
2.029: [GC 20294K->20294K(493568K), 0.0011520 secs]
2.030: [Full GC 20294K->20294K(493568K), 0.0410720 secs]
2.071: [GC 20294K->20294K(493568K), 0.0016680 secs]
2.073: [Full GC 20294K->20294K(493568K), 0.0498650 secs]
2.123: [GC 20294K->20294K(493568K), 0.0015250 secs]
2.125: [Full GC 20294K->20294K(493568K), 0.0397470 secs]
2.165: [GC 20294K->20294K(493568K), 0.0020450 secs]
2.167: [Full GC 20294K->20294K(493568K), 0.0481360 secs]
3.257: [GC 44142K->23472K(493568K), 0.0097210 secs]
3.267: [Full GC 23472K->18790K(493568K), 0.1498340 secs]
3.417: [GC 18790K->18790K(493568K), 0.0014200 secs]
3.419: [Full GC 18790K->18790K(493568K), 0.0437980 secs]
3.463: [GC 18790K->18790K(493568K), 0.0011100 secs]
3.464: [Full GC 18790K->18790K(493568K), 0.0453860 secs]
3.510: [GC 18790K->18790K(493568K), 0.0009960 secs]
3.511: [Full GC 18790K->18790K(493568K), 0.0455120 secs]
3.557: [GC 18790K->18790K(493568K), 0.0009870 secs]
3.558: [Full GC 18790K->18790K(493568K), 0.0461630 secs]
3.684: [GC 21290K->19014K(493568K), 0.0014610 secs]
3.686: [Full GC 19014K->15348K(493568K), 0.0769030 secs]
3.763: [GC 15348K->15348K(493568K), 0.0008810 secs]
3.764: [Full GC 15348K->15348K(493568K), 0.0422930 secs]
3.807: [GC 15348K->15348K(493568K), 0.0013260 secs]
3.808: [Full GC 15348K->15348K(493568K), 0.0436740 secs]
3.852: [GC 15348K->15348K(493568K), 0.0022100 secs]
3.854: [Full GC 15348K->15348K(493568K), 0.0443180 secs]
3.899: [GC 15348K->15348K(493568K), 0.0010530 secs]
3.900: [Full GC 15348K->15348K(493568K), 0.0404040 secs]
3.944: [GC 17848K->15572K(493568K), 0.0016490 secs]
3.946: [Full GC 15572K->15264K(493568K), 0.0949320 secs]
4.041: [GC 15264K->15264K(493568K), 0.0013610 secs]
4.043: [Full GC 15264K->15264K(493568K), 0.0474200 secs]
4.091: [GC 15264K->15264K(493568K), 0.0012260 secs]
4.092: [Full GC 15264K->15264K(493568K), 0.0487510 secs]
4.141: [GC 15264K->15264K(493568K), 0.0014530 secs]
4.143: [Full GC 15264K->15264K(493568K), 0.0496720 secs]
4.193: [GC 15264K->15264K(493568K), 0.0009630 secs]
4.194: [Full GC 15264K->15264K(493568K), 0.0387750 secs]
7.763: [GC 144800K->19632K(493568K), 0.0067160 secs]
9.839: [GC 149168K->24505K(493568K), 0.0119590 secs]
11.305: [GC 154041K->27906K(493568K), 0.0133840 secs]
12.770: [GC 157442K->32362K(493568K), 0.0159750 secs]
14.198: [GC 161898K->34698K(488960K), 0.0176430 secs]
15.455: [GC 161162K->39524K(486400K), 0.0197370 secs]
16.301: [GC 161380K->45456K(492032K), 0.0210780 secs]
17.480: [GC 167312K->52673K(614400K), 0.0232820 secs]
18.217: [GC 86639K->52205K(616960K), 0.0192660 secs]
18.236: [Full GC 52205K->45715K(616960K), 0.2329020 secs]
18.470: [GC 45715K->45715K(618496K), 0.0016470 secs]
18.472: [Full GC 45715K->45715K(618496K), 0.1211500 secs]
18.593: [GC 45715K->45715K(587264K), 0.0011750 secs]
18.594: [Full GC 45715K->45715K(587264K), 0.1220330 secs]
18.717: [GC 45715K->45715K(615936K), 0.0016320 secs]
18.718: [Full GC 45715K->45715K(615936K), 0.1267100 secs]
18.846: [GC 45715K->45715K(587264K), 0.0019010 secs]
18.848: [Full GC 45715K->45715K(587264K), 0.1033720 secs]
