1.491: [GC 129536K->19157K(493568K), 0.0246430 secs]
2.171: [GC 148693K->33556K(623104K), 0.0320420 secs]
3.551: [GC 292628K->70941K(623104K), 0.0452660 secs]
5.948: [GC 330013K->115450K(882176K), 0.0559420 secs]
7.717: [GC 608608K->168010K(882176K), 0.0675770 secs]
7.785: [Full GC 168010K->150145K(882176K), 0.3432410 secs]
8.129: [GC 150145K->150145K(882176K), 0.0037010 secs]
8.132: [Full GC 150145K->150145K(882176K), 0.1356440 secs]
8.268: [GC 150145K->150145K(882176K), 0.0027920 secs]
8.271: [Full GC 150145K->150145K(882176K), 0.1391870 secs]
8.411: [GC 150145K->150145K(882176K), 0.0027270 secs]
8.414: [Full GC 150145K->150145K(882176K), 0.1374530 secs]
8.552: [GC 150145K->150145K(882176K), 0.0026320 secs]
8.569: [Full GC 150145K->150145K(882176K), 0.1344330 secs]
9.159: [GC 170725K->154014K(882176K), 0.0090370 secs]
9.168: [Full GC 154014K->134505K(882176K), 0.2832970 secs]
9.452: [GC 134505K->134505K(882176K), 0.0027660 secs]
9.454: [Full GC 134505K->134505K(882176K), 0.1329350 secs]
9.588: [GC 134505K->134505K(882176K), 0.0026450 secs]
9.591: [Full GC 134505K->134505K(882176K), 0.1431160 secs]
9.734: [GC 134505K->134505K(882176K), 0.0028220 secs]
9.737: [Full GC 134505K->134505K(882176K), 0.1810930 secs]
9.918: [GC 134505K->134505K(882176K), 0.0028090 secs]
9.921: [Full GC 134505K->134505K(882176K), 0.1420860 secs]
10.197: [GC 144795K->135305K(882176K), 0.0054990 secs]
10.203: [Full GC 135305K->109216K(882176K), 0.2258940 secs]
10.429: [GC 109216K->109216K(882176K), 0.0026730 secs]
10.432: [Full GC 109216K->109216K(882176K), 0.1535270 secs]
10.585: [GC 109216K->109216K(882176K), 0.0028060 secs]
10.588: [Full GC 109216K->109216K(882176K), 0.1530830 secs]
10.742: [GC 109216K->109216K(882176K), 0.0027050 secs]
10.745: [Full GC 109216K->109216K(882176K), 0.1554980 secs]
10.901: [GC 109216K->109216K(882176K), 0.0026630 secs]
10.903: [Full GC 109216K->109216K(882176K), 0.1420850 secs]
11.048: [GC 119506K->109472K(882176K), 0.0032410 secs]
11.052: [Full GC 109472K->109177K(882176K), 0.2338750 secs]
11.286: [GC 109177K->109177K(882176K), 0.0027530 secs]
11.289: [Full GC 109177K->109176K(882176K), 0.1273100 secs]
11.417: [GC 109176K->109176K(882176K), 0.0027070 secs]
11.419: [Full GC 109176K->109174K(882176K), 0.1359090 secs]
11.556: [GC 109174K->109174K(882176K), 0.0027330 secs]
11.558: [Full GC 109174K->109172K(882176K), 0.1341830 secs]
11.693: [GC 109172K->109172K(882176K), 0.0026600 secs]
11.696: [Full GC 109172K->109170K(882176K), 0.1309300 secs]
21.454: [GC 627314K->123140K(882176K), 0.0162320 secs]
25.518: [GC 641284K->139140K(1419776K), 0.0328880 secs]
32.107: [GC 1170308K->167878K(1424896K), 0.0501540 secs]
37.647: [GC 1199046K->223495K(2440704K), 0.0804330 secs]
48.812: [GC 2256647K->294767K(2469888K), 0.1122610 secs]
56.643: [GC 2327919K->366934K(2910720K), 0.1271100 secs]
67.334: [GC 2806102K->490162K(2929664K), 0.1620530 secs]
67.496: [Full GC 490162K->403503K(3225088K), 1.0754220 secs]
78.931: [GC 2842671K->498647K(3175936K), 0.1145360 secs]
89.807: [GC 2877399K->677459K(3200512K), 0.1283760 secs]
99.822: [GC 3056211K->848384K(2925568K), 0.1712650 secs]
99.994: [Full GC 848384K->651858K(3396096K), 0.8269030 secs]
109.202: [GC 2726482K->995607K(3548160K), 0.0840610 secs]
116.740: [GC 2583268K->1134367K(3365888K), 0.1266540 secs]
116.866: [Full GC 1134367K->815958K(3365888K), 1.4725140 secs]
118.340: [GC 815958K->815958K(3457024K), 0.0039090 secs]
118.344: [Full GC 815958K->815958K(3457024K), 0.5217720 secs]
118.866: [GC 815958K->815958K(3467264K), 0.0057140 secs]
118.872: [Full GC 815958K->815958K(3467264K), 0.5195250 secs]
119.391: [GC 815958K->815958K(3460608K), 0.0317800 secs]
119.423: [Full GC 815958K->815958K(3460608K), 0.5417880 secs]
119.966: [GC 815958K->815958K(3489280K), 0.0037300 secs]
119.969: [Full GC 815958K->815958K(3489280K), 0.5133840 secs]
