1.548: [GC 129536K->18681K(493568K), 0.0201590 secs]
2.252: [GC 148217K->33750K(623104K), 0.0330600 secs]
3.873: [GC 292822K->76731K(623104K), 0.0493630 secs]
6.110: [GC 335803K->113803K(882176K), 0.0474560 secs]
7.065: [GC 361793K->145584K(882176K), 0.0515840 secs]
7.117: [Full GC 145584K->128650K(882176K), 0.3070080 secs]
7.424: [GC 128650K->128650K(882176K), 0.0030780 secs]
7.427: [Full GC 128650K->128650K(882176K), 0.1450520 secs]
7.573: [GC 128650K->128650K(882176K), 0.0021940 secs]
7.575: [Full GC 128650K->128650K(882176K), 0.1420520 secs]
7.718: [GC 128650K->128650K(882176K), 0.0021290 secs]
7.720: [Full GC 128650K->128650K(882176K), 0.1391200 secs]
7.859: [GC 128650K->128650K(882176K), 0.0021490 secs]
7.862: [Full GC 128650K->128650K(882176K), 0.1403100 secs]
8.525: [GC 149315K->132426K(882176K), 0.0076140 secs]
8.533: [Full GC 132426K->114585K(882176K), 0.2577710 secs]
8.791: [GC 114585K->114585K(882176K), 0.0040060 secs]
8.795: [Full GC 114585K->114585K(882176K), 0.1450100 secs]
8.940: [GC 114585K->114585K(882176K), 0.0902480 secs]
9.031: [Full GC 114585K->114584K(882176K), 0.2322410 secs]
9.263: [GC 114584K->114584K(882176K), 0.0023240 secs]
9.266: [Full GC 114584K->114584K(882176K), 0.1315900 secs]
9.398: [GC 114584K->114584K(882176K), 0.0021450 secs]
9.400: [Full GC 114584K->114584K(882176K), 0.1429450 secs]
9.670: [GC 124915K->115288K(882176K), 0.0048740 secs]
9.675: [Full GC 115288K->93762K(882176K), 0.2247640 secs]
9.900: [GC 93762K->93762K(882176K), 0.0019810 secs]
9.902: [Full GC 93762K->93762K(882176K), 0.1529190 secs]
10.056: [GC 93762K->93762K(882176K), 0.0020670 secs]
10.058: [Full GC 93762K->93762K(882176K), 0.1631330 secs]
10.221: [GC 93762K->93762K(882176K), 0.0021310 secs]
10.224: [Full GC 93762K->93762K(882176K), 0.1673830 secs]
10.391: [GC 93762K->93762K(882176K), 0.0020400 secs]
10.394: [Full GC 93762K->93762K(882176K), 0.1448300 secs]
10.541: [GC 104093K->94114K(882176K), 0.0027920 secs]
10.544: [Full GC 94114K->93726K(882176K), 0.2545200 secs]
10.799: [GC 93726K->93726K(882176K), 0.0024360 secs]
10.802: [Full GC 93726K->93725K(882176K), 0.1744540 secs]
10.976: [GC 93725K->93725K(882176K), 0.0021220 secs]
10.979: [Full GC 93725K->93722K(882176K), 0.1713250 secs]
11.150: [GC 93722K->93722K(882176K), 0.0020920 secs]
11.152: [Full GC 93722K->93721K(882176K), 0.1651530 secs]
11.318: [GC 93721K->93721K(882176K), 0.0021360 secs]
11.320: [Full GC 93721K->93719K(882176K), 0.1523930 secs]
21.361: [GC 611863K->108716K(882176K), 0.0183560 secs]
25.906: [GC 626860K->123712K(1415168K), 0.0269170 secs]
31.550: [GC 1154368K->151787K(1420800K), 0.0501310 secs]
35.535: [GC 1182443K->185082K(2445824K), 0.0627580 secs]
45.972: [GC 2226426K->269248K(2465792K), 0.1100210 secs]
54.356: [GC 2310592K->382731K(2863616K), 0.1273250 secs]
63.828: [GC 2781963K->512198K(2912256K), 0.1591720 secs]
63.987: [Full GC 512198K->407032K(3211776K), 1.0207120 secs]
70.988: [GC 1418603K->466167K(3213312K), 0.0864450 secs]
71.075: [Full GC 466167K->435356K(3213312K), 2.1201800 secs]
73.196: [GC 435356K->435356K(3211776K), 0.0028160 secs]
73.199: [Full GC 435356K->435355K(3211776K), 1.1802740 secs]
74.379: [GC 435355K->435355K(3219456K), 0.0029970 secs]
74.382: [Full GC 435355K->435355K(3219456K), 0.3073220 secs]
74.690: [GC 435355K->435355K(3215872K), 0.0027330 secs]
74.693: [Full GC 435355K->435355K(3215872K), 0.3000910 secs]
74.993: [GC 435355K->435355K(3223552K), 0.0036090 secs]
74.997: [Full GC 435355K->435355K(3223552K), 0.3036050 secs]
