2.231: [GC 114006K->24946K(493568K), 0.0227710 secs]
2.254: [Full GC 24946K->24403K(493568K), 0.0789510 secs]
2.333: [GC 24403K->24403K(493568K), 0.0016260 secs]
2.335: [Full GC 24403K->24403K(493568K), 0.0456330 secs]
2.381: [GC 24403K->24403K(493568K), 0.0013830 secs]
2.383: [Full GC 24403K->24403K(493568K), 0.0411750 secs]
2.424: [GC 24403K->24403K(493568K), 0.0011820 secs]
2.425: [Full GC 24403K->24403K(493568K), 0.0366280 secs]
2.462: [GC 24403K->24403K(493568K), 0.0013950 secs]
2.464: [Full GC 24403K->24403K(493568K), 0.0382150 secs]
4.148: [GC 63292K->28013K(493568K), 0.0130500 secs]
4.161: [Full GC 28013K->22826K(493568K), 0.0871020 secs]
4.248: [GC 22826K->22826K(493568K), 0.0016740 secs]
4.250: [Full GC 22826K->22826K(493568K), 0.0417580 secs]
4.292: [GC 22826K->22826K(493568K), 0.0019810 secs]
4.294: [Full GC 22826K->22826K(493568K), 0.0466250 secs]
4.341: [GC 22826K->22826K(493568K), 0.0021100 secs]
4.344: [Full GC 22826K->22826K(493568K), 0.0457150 secs]
4.390: [GC 22826K->22826K(493568K), 0.0018690 secs]
4.392: [Full GC 22826K->22824K(493568K), 0.1149860 secs]
5.186: [GC 26651K->23240K(493568K), 0.0024360 secs]
5.188: [Full GC 23240K->18608K(493568K), 0.0962350 secs]
5.285: [GC 18608K->18608K(493568K), 0.0017170 secs]
5.287: [Full GC 18608K->18608K(493568K), 0.0558470 secs]
5.343: [GC 18608K->18608K(493568K), 0.0011800 secs]
5.344: [Full GC 18608K->18608K(493568K), 0.0488060 secs]
5.393: [GC 18608K->18608K(493568K), 0.0012800 secs]
5.395: [Full GC 18608K->18608K(493568K), 0.0467340 secs]
5.442: [GC 18608K->18608K(493568K), 0.0015310 secs]
5.443: [Full GC 18608K->18608K(493568K), 0.0547000 secs]
5.503: [GC 21110K->18928K(493568K), 0.0022320 secs]
5.505: [Full GC 18928K->18472K(493568K), 0.1247060 secs]
5.631: [GC 18472K->18472K(493568K), 0.0011630 secs]
5.632: [Full GC 18472K->18472K(493568K), 0.0508530 secs]
5.684: [GC 18472K->18472K(493568K), 0.0013160 secs]
5.685: [Full GC 18472K->18461K(493568K), 0.0575720 secs]
5.743: [GC 18461K->18461K(493568K), 0.0011440 secs]
5.745: [Full GC 18461K->18461K(493568K), 0.0460470 secs]
5.791: [GC 18461K->18461K(493568K), 0.0025270 secs]
5.794: [Full GC 18461K->18461K(493568K), 0.0600030 secs]
9.045: [GC 147997K->22842K(493568K), 0.0068550 secs]
10.816: [GC 152378K->26435K(493568K), 0.0091080 secs]
12.105: [GC 155971K->30272K(493568K), 0.0104460 secs]
13.069: [GC 159808K->35040K(493568K), 0.0145380 secs]
13.661: [GC 97221K->34100K(493568K), 0.0130180 secs]
13.674: [Full GC 34100K->31301K(493568K), 0.2419150 secs]
13.916: [GC 31301K->31301K(493568K), 0.0011720 secs]
13.918: [Full GC 31301K->31301K(493568K), 0.0634390 secs]
13.981: [GC 31301K->31301K(493568K), 0.0011620 secs]
13.983: [Full GC 31301K->31301K(493568K), 0.0658360 secs]
14.049: [GC 31301K->31301K(493568K), 0.0014010 secs]
14.050: [Full GC 31301K->31301K(493568K), 0.0529220 secs]
14.104: [GC 31301K->31301K(493568K), 0.0011380 secs]
14.105: [Full GC 31301K->31301K(493568K), 0.0656990 secs]
