2.110: [GC 109140K->23641K(493568K), 0.0231500 secs]
2.133: [Full GC 23641K->23092K(493568K), 0.0786420 secs]
2.212: [GC 23092K->23092K(493568K), 0.0013720 secs]
2.214: [Full GC 23092K->23092K(493568K), 0.0389780 secs]
2.253: [GC 23092K->23092K(493568K), 0.0015720 secs]
2.255: [Full GC 23092K->23092K(493568K), 0.0417770 secs]
2.297: [GC 23092K->23092K(493568K), 0.0016950 secs]
2.299: [Full GC 23092K->23092K(493568K), 0.0373220 secs]
2.337: [GC 23092K->23092K(493568K), 0.0013370 secs]
2.338: [Full GC 23092K->23092K(493568K), 0.0396190 secs]
3.636: [GC 54738K->26286K(493568K), 0.0091290 secs]
3.645: [Full GC 26286K->21450K(493568K), 0.0934810 secs]
3.739: [GC 21450K->21450K(493568K), 0.0014760 secs]
3.740: [Full GC 21450K->21450K(493568K), 0.0434800 secs]
3.785: [GC 21450K->21450K(493568K), 0.0019710 secs]
3.787: [Full GC 21450K->21450K(493568K), 0.0417980 secs]
3.829: [GC 21450K->21450K(493568K), 0.0017760 secs]
3.831: [Full GC 21450K->21450K(493568K), 0.0475970 secs]
3.879: [GC 21450K->21450K(493568K), 0.0010990 secs]
3.880: [Full GC 21450K->21450K(493568K), 0.0399400 secs]
4.393: [GC 25302K->21802K(493568K), 0.0352700 secs]
4.429: [Full GC 21802K->17671K(493568K), 0.1083440 secs]
4.537: [GC 17671K->17671K(493568K), 0.0015660 secs]
4.539: [Full GC 17671K->17671K(493568K), 0.0454440 secs]
4.585: [GC 17671K->17671K(493568K), 0.0022770 secs]
4.587: [Full GC 17671K->17671K(493568K), 0.0523700 secs]
4.640: [GC 17671K->17671K(493568K), 0.0015150 secs]
4.642: [Full GC 17671K->17671K(493568K), 0.0468370 secs]
4.689: [GC 17671K->17671K(493568K), 0.0011190 secs]
4.690: [Full GC 17671K->17671K(493568K), 0.0417560 secs]
4.737: [GC 20197K->17895K(493568K), 0.0019320 secs]
4.739: [Full GC 17895K->17553K(493568K), 0.1154730 secs]
4.855: [GC 17553K->17553K(493568K), 0.0009860 secs]
4.856: [Full GC 17553K->17553K(493568K), 0.0472030 secs]
4.904: [GC 17553K->17553K(493568K), 0.0010080 secs]
4.905: [Full GC 17553K->17553K(493568K), 0.0460700 secs]
4.951: [GC 17553K->17553K(493568K), 0.0011040 secs]
4.952: [Full GC 17553K->17553K(493568K), 0.0515650 secs]
5.005: [GC 17553K->17553K(493568K), 0.0019520 secs]
5.007: [Full GC 17553K->17552K(493568K), 0.0536470 secs]
8.724: [GC 147088K->21961K(493568K), 0.0090480 secs]
10.708: [GC 151497K->26011K(493568K), 0.0109340 secs]
12.569: [GC 155547K->30960K(493568K), 0.0131520 secs]
14.091: [GC 160496K->35280K(493568K), 0.0148580 secs]
15.394: [GC 164816K->38764K(490496K), 0.0175570 secs]
16.764: [GC 165228K->42947K(487936K), 0.0211090 secs]
17.710: [GC 164803K->47763K(493568K), 0.0232690 secs]
18.879: [GC 169619K->52224K(617984K), 0.0212030 secs]
21.828: [GC 295424K->59522K(618496K), 0.0239440 secs]
22.916: [GC 302722K->69032K(764416K), 0.0221500 secs]
24.161: [GC 372872K->84376K(764928K), 0.0409320 secs]
24.202: [Full GC 84376K->71533K(764928K), 0.3220860 secs]
24.524: [GC 71533K->71533K(764928K), 0.0013670 secs]
24.526: [Full GC 71533K->71533K(764928K), 0.1374730 secs]
24.664: [GC 71533K->71533K(732672K), 0.0012600 secs]
24.665: [Full GC 71533K->71533K(732672K), 0.1416910 secs]
24.807: [GC 71533K->71533K(763392K), 0.0012730 secs]
24.808: [Full GC 71533K->71533K(763392K), 0.1358310 secs]
24.945: [GC 71533K->71533K(732672K), 0.0017270 secs]
24.946: [Full GC 71533K->71533K(732672K), 0.1373950 secs]
