2.271: [GC 129536K->23879K(493568K), 0.0253480 secs]
2.634: [GC 51652K->26166K(623104K), 0.0185990 secs]
2.653: [Full GC 26166K->22797K(623104K), 0.0738360 secs]
2.727: [GC 22797K->22797K(623104K), 0.0013840 secs]
2.728: [Full GC 22797K->22797K(623104K), 0.0412010 secs]
2.770: [GC 22797K->22797K(623104K), 0.0018060 secs]
2.772: [Full GC 22797K->22797K(623104K), 0.0330230 secs]
2.805: [GC 22797K->22797K(623104K), 0.0012270 secs]
2.806: [Full GC 22797K->22797K(623104K), 0.0419300 secs]
2.849: [GC 22797K->22797K(623104K), 0.0019220 secs]
2.851: [Full GC 22797K->22797K(623104K), 0.0424800 secs]
4.329: [GC 57990K->26113K(623104K), 0.0091280 secs]
4.338: [Full GC 26113K->22996K(623104K), 0.1059340 secs]
4.444: [GC 22996K->22996K(623104K), 0.0011240 secs]
4.446: [Full GC 22996K->22996K(623104K), 0.0392790 secs]
4.485: [GC 22996K->22996K(623104K), 0.0018370 secs]
4.487: [Full GC 22996K->22996K(623104K), 0.0514960 secs]
4.539: [GC 22996K->22996K(623104K), 0.0019330 secs]
4.541: [Full GC 22996K->22995K(623104K), 0.1250140 secs]
4.667: [GC 22995K->22995K(623104K), 0.0011080 secs]
4.668: [Full GC 22995K->22995K(623104K), 0.0403820 secs]
5.193: [GC 30663K->23315K(623104K), 0.0028630 secs]
5.196: [Full GC 23315K->20231K(623104K), 0.0962780 secs]
5.292: [GC 20231K->20231K(623104K), 0.0016930 secs]
5.294: [Full GC 20231K->20231K(623104K), 0.0444430 secs]
5.339: [GC 20231K->20231K(623104K), 0.0021670 secs]
5.341: [Full GC 20231K->20231K(623104K), 0.0416490 secs]
5.383: [GC 20231K->20231K(623104K), 0.0017670 secs]
5.385: [Full GC 20231K->20231K(623104K), 0.0442300 secs]
5.430: [GC 20231K->20231K(623104K), 0.0014290 secs]
5.431: [Full GC 20231K->20231K(623104K), 0.0540180 secs]
5.494: [GC 25257K->20455K(623104K), 0.0020890 secs]
5.496: [Full GC 20455K->20111K(623104K), 0.1370120 secs]
5.634: [GC 20111K->20111K(623104K), 0.0011690 secs]
5.635: [Full GC 20111K->20111K(623104K), 0.0473170 secs]
5.683: [GC 20111K->20111K(623104K), 0.0011790 secs]
5.684: [Full GC 20111K->20110K(623104K), 0.0479400 secs]
5.732: [GC 20110K->20110K(623104K), 0.0018180 secs]
5.734: [Full GC 20110K->20110K(623104K), 0.0496250 secs]
5.784: [GC 20110K->20110K(623104K), 0.0014470 secs]
5.786: [Full GC 20110K->20109K(623104K), 0.0467500 secs]
10.063: [GC 279181K->26471K(623104K), 0.0108070 secs]
12.711: [GC 285543K->33493K(623104K), 0.0137270 secs]
14.693: [GC 292565K->42640K(623104K), 0.0192390 secs]
16.134: [GC 301712K->52565K(623104K), 0.0284270 secs]
17.350: [GC 311637K->60949K(886272K), 0.0257260 secs]
20.261: [GC 573461K->87618K(891904K), 0.0587770 secs]
21.879: [GC 458245K->108937K(1409536K), 0.0546620 secs]
21.935: [Full GC 108937K->92416K(1409536K), 0.3181820 secs]
22.253: [GC 92416K->92416K(1418752K), 0.0013690 secs]
22.255: [Full GC 92416K->92416K(1418752K), 0.1378430 secs]
22.393: [GC 92416K->92416K(1423872K), 0.0016260 secs]
22.394: [Full GC 92416K->92416K(1423872K), 0.1296580 secs]
22.525: [GC 92416K->92416K(1368576K), 0.0017100 secs]
22.527: [Full GC 92416K->92416K(1368576K), 0.1227420 secs]
22.650: [GC 92416K->92416K(1419776K), 0.0016660 secs]
22.652: [Full GC 92416K->92416K(1419776K), 0.1228720 secs]
